1 COMMENT //UX?7n*
2 RETURN return
3 BINOP +
Error unclosed string
