1 COMMENT // Check undef hex escape in an unclosed string
Lex doesn't know what that is!
Lex doesn't know what that is!
3 INT int
3 ID main
3 LPAREN (
3 RPAREN )
3 LBRACE {
Lex doesn't know what that is!
4 ID print
4 LPAREN (
4 STRING Hello world!
4 RPAREN )
4 SC ;
Lex doesn't know what that is!
5 ID print
5 LPAREN (
Error undefined escape sequence xff
