1 COMMENT //
2 RETURN return
3 BINOP +
3 STRING y0AX~bD: P
@"[9C4bFqm/\~q:\"3	ui/4C
5e+h_L-el
'[{\<YH}c\ &
c1c
3 COMMENT //
5 ID npm3ib085Pf9m
5 BINOP -
6 CONTINUE continue
6 RELOP >=
6 BINOP -
6 BOOL bool
7 COMMENT //
8 COMMENT //
9 NUM 78
10 STRING  	nv
U6l"%DS`"#\P\T	\d`0	
10 ID do0FMH88NIaRxMKITcLQzKxVr32wOInDq9E5kU2DMXE4
11 ID RLhSq9C1752b2N3pY8ewri213cn70457m9W
12 BINOP -
12 RELOP >
13 RELOP !=
14 COMMENT //
16 BINOP +
17 BINOP +
18 ID b5934jSK6kFbKnl29uGlfJ5n6ZlPvuGbvTWAqTFLYDtH
18 OR or
18 BINOP +
19 NUM 845
19 STRING f#iq(;F
20 ID sRKfL7Vma5KKk82T5nb
21 RELOP <
22 COMMENT //
24 IF if
25 BINOP *
26 COMMENT //
27 BINOP -
27 STRING 
_@
;^]&
28 RELOP >
29 ID ruho0i077nhr35fEyY4Y986i3t88tZ43kp3UY4gaR00e8Tb1aQQGP77zhz2493gNuqY2qy7622K9w7F6m9VsjPBLQ1u96XYE9Qk3
29 ID GKGjiVw6C1al0J05dT69wk5J9bU8LpiZpPM1R6Lvanuy8KP4QdD6
30 STRING Y
yiU3	
"	
 \B"*\|
31 ASSIGN =
31 STRING (VR\^"U\T#X
31 ID wOp38Bz8lz64t8E9241H7qzB66b17dtXtQKMtL108
32 COMMENT //
34 NUM 31
34 STRING w$
35 BINOP -
36 STRING E">
37 BINOP +
38 BINOP -
39 OR or
39 COMMENT //
40 BINOP /
41 RELOP !=
41 BINOP *
42 RELOP >
42 RELOP <=
43 ID DMm57x0b139S2OM
44 ID HQ24PzF7
45 OR or
45 LPAREN (
45 BINOP /
45 RELOP >=
46 BINOP *
46 COMMENT //
47 AND and
48 COMMENT //
50 COMMENT //
51 BINOP -
52 COMMENT //
54 BINOP /
54 BINOP *
55 BINOP +
56 RELOP ==
56 FALSE false
57 ID Q7m23cUsVidFhcTkMNnuSDN21xJd5M3gMGxiYPwq5
58 NOT not
59 RELOP ==
59 COMMENT //
60 BINOP /
60 RELOP ==
61 STRING hb:5T%
	S	\O=
62 STRING 8
e

62 RELOP >=
63 RPAREN )
64 STRING 		
-""46
A{>e!;a\K#3
Z\39p	k&wKeq}


64 ID e8f3jC3Hx9g2aH348M0TJ7C29JMZ935AB0Zgf011R0iG1YOH
64 COMMENT //
65 ID g4188cpM8cU58HJ1rNIbD4NRwq2GPz
65 RELOP <=
66 BINOP +
67 STRING 	14(hx
	H5	x]mp
&Jy
.	\6[""m+oe/\	Ekp
Lwwm 
68 BINOP /
68 BINOP -
69 RELOP <=
69 NUM 547
70 VOID void
70 STRING |\kN$\"6s=2
71 BINOP -
71 BINOP -
