1 COMMENT // No newlines in strings!
Lex doesn't know what that is!
Lex doesn't know what that is!
3 INT int
3 ID main
3 LPAREN (
3 RPAREN )
3 LBRACE {
Lex doesn't know what that is!
4 ID print
4 LPAREN (
Error unclosed string
