1 COMMENT // Check valid escape
Lex doesn't know what that is!
Lex doesn't know what that is!
3 INT int
3 ID main
3 LPAREN (
3 RPAREN )
3 LBRACE {
Lex doesn't know what that is!
4 ID print
4 LPAREN (
4 STRING Completely legitimate " escape here!
4 RPAREN )
4 SC ;
Lex doesn't know what that is!
5 ID print
5 LPAREN (
5 STRING More 
 
 legitimate " \ 	 escapes!
5 RPAREN )
5 SC ;
Lex doesn't know what that is!
6 RETURN return
6 NUM 0
6 SC ;
Lex doesn't know what that is!
7 RBRACE }
Lex doesn't know what that is!
